../Core/Src/main.c:72:5:main	8	static
../Core/Src/main.c:126:6:SystemClock_Config	88	static
../Core/Src/main.c:171:6:Error_Handler	4	static,ignoring_inline_asm
../Core/Src/main.c:181:6:shiftLeft_250	8	static
../Core/Src/main.c:199:6:shiftRight_250	8	static
../Core/Src/main.c:217:6:diverging_300	4	static
../Core/Src/main.c:220:6:converging_300	4	static
../Core/Src/main.c:223:6:pingPong_250	4	static
../Core/Src/main.c:226:6:snakEffect_300	4	static
../Core/Src/main.c:229:6:pulsing_1000	4	static
../Core/Src/main.c:232:6:Brightness	4	static
../Core/Src/main.c:236:6:flashing_500	8	static
